funcao <depositar> chamada.
funcao <sacar> chamada.
funcao <sacar> chamada.
funcao <sacar> chamada.
funcao <sacar> chamada.
funcao <depositar_com_taxa> chamada.
funcao <depositar_com_taxa> chamada.
funcao <sacar> chamada.
funcao <depositar_com_taxa> chamada.
funcao <saque_com_bonus> chamada.
funcao <sacar> chamada.
funcao <sacar> chamada.
funcao <saque_com_bonus> chamada.
funcao <depositar> chamada.
funcao <sacar> chamada.
funcao <sacar> chamada.
funcao <sacar> chamada.
funcao <sacar> chamada.
funcao <depositar_com_taxa> chamada.
funcao <depositar_com_taxa> chamada.
funcao <sacar> chamada.
funcao <depositar_com_taxa> chamada.
funcao <saque_com_bonus> chamada.
funcao <sacar> chamada.
funcao <sacar> chamada.
funcao <saque_com_bonus> chamada.
funcao <saque_com_bonus> chamada.
funcao <depositar> chamada.
funcao <sacar> chamada.
funcao <sacar> chamada.
funcao <sacar> chamada.
funcao <sacar> chamada.
funcao <depositar_com_taxa> chamada.
funcao <conectar_banco> chamada.
funcao <depositar> chamada.
funcao <sacar> chamada.
funcao <sacar> chamada.
funcao <sacar> chamada.
funcao <sacar> chamada.
funcao <depositar_com_taxa> chamada.
funcao <conectar_banco> chamada.
funcao <depositar> chamada.
funcao <sacar> chamada.
funcao <sacar> chamada.
funcao <sacar> chamada.
funcao <sacar> chamada.
funcao <depositar_com_taxa> chamada.
funcao <conectar_banco> chamada.
funcao <adicionar_dados_db> chamada.
funcao <depositar_com_taxa> chamada.
funcao <sacar> chamada.
funcao <depositar_com_taxa> chamada.
funcao <saque_com_bonus> chamada.
funcao <conectar_banco> chamada.
funcao <adicionar_dados_db> chamada.
funcao <sacar> chamada.
funcao <sacar> chamada.
funcao <saque_com_bonus> chamada.
funcao <saque_com_bonus> chamada.
funcao <conectar_banco> chamada.
funcao <adicionar_dados_db> chamada.
funcao <depositar> chamada.
funcao <sacar> chamada.
funcao <sacar> chamada.
funcao <sacar> chamada.
funcao <sacar> chamada.
funcao <depositar_com_taxa> chamada.
funcao <conectar_banco> chamada.
funcao <depositar> chamada.
funcao <sacar> chamada.
funcao <sacar> chamada.
funcao <sacar> chamada.
funcao <sacar> chamada.
funcao <depositar_com_taxa> chamada.
funcao <depositar_com_taxa> chamada.
funcao <sacar> chamada.
funcao <depositar_com_taxa> chamada.
funcao <saque_com_bonus> chamada.
funcao <sacar> chamada.
funcao <sacar> chamada.
funcao <saque_com_bonus> chamada.
funcao <saque_com_bonus> chamada.
funcao <depositar_com_taxa> chamada.
funcao <saque_com_bonus> chamada.
funcao <conectar_banco> chamada.
funcao <adicionar_dados_db> chamada.
